usbh_conf.c:61:6:HAL_HCD_MspInit	88	static
usbh_conf.c:163:6:HAL_HCD_MspDeInit	0	static
usbh_conf.c:187:6:HAL_HCD_SOF_Callback	0	static
usbh_conf.c:197:6:HAL_HCD_Connect_Callback	0	static
usbh_conf.c:207:6:HAL_HCD_Disconnect_Callback	0	static
usbh_conf.c:217:6:HAL_HCD_PortEnabled_Callback	0	static
usbh_conf.c:228:6:HAL_HCD_PortDisabled_Callback	0	static
usbh_conf.c:241:6:HAL_HCD_HC_NotifyURBChange_Callback	0	static
usbh_conf.c:255:20:USBH_LL_Init	16	static
usbh_conf.c:304:20:USBH_LL_DeInit	8	static
usbh_conf.c:315:20:USBH_LL_Start	8	static
usbh_conf.c:326:20:USBH_LL_Stop	8	static
usbh_conf.c:337:19:USBH_LL_GetSpeed	8	static
usbh_conf.c:367:20:USBH_LL_ResetPort	8	static
usbh_conf.c:379:10:USBH_LL_GetLastXferSize	0	static
usbh_conf.c:395:20:USBH_LL_OpenPipe	24	static
usbh_conf.c:419:20:USBH_LL_ClosePipe	8	static
usbh_conf.c:452:20:USBH_LL_SubmitURB	24	static
usbh_conf.c:486:22:USBH_LL_GetURBState	0	static
usbh_conf.c:500:20:USBH_LL_DriverVBUS	8	static
usbh_conf.c:524:20:USBH_LL_SetToggle	0	static
usbh_conf.c:543:9:USBH_LL_GetToggle	0	static
usbh_conf.c:563:6:USBH_Delay	0	static
